{
  "timestamp": "20260729T191356Z",
  "database": "fusion_staging",
  "postgresql_version": "16.14 (Ubuntu 16.14-0ubuntu0.24.04.1)",
  "source_main_sha": "unknown",
  "release_id": "phase2a-0.74.0-beta.5-040b61e8873e",
  "executable_sha256": "54e2cd933281ca523e57303c578c4e14b60cd5914006fac8c9145703a39a0c48",
  "migration_set_sha256": "846da68e7c82f3acd9e8cfd847b4fd49a4e14251571e8063f0ed66e90282a570",
  "highest_migration": "0036",
  "backup_sha256": "e9d5148e792b3fc86df0ec4fd9c257773fd21260fbab72f331e52ececafe86a0",
  "backup_file": "/srv/appsolino-fusion/staging/backups/fusion_staging_20260729T191356Z.dump",
  "result": "PASS"
}
OFF_HOST_TARGET_NOT_CONFIGURED
EXIT:0
total 972
drwxr-x--- 3 root   fusion   4096 Jul 29 19:13 .
drwxr-x--- 7 fusion fusion   4096 Jul 29 18:54 ..
-rw------- 1 root   fusion 488063 Jul 29 19:12 fusion_staging_20260729T191237Z.dump
-rw------- 1 root   fusion 488063 Jul 29 19:13 fusion_staging_20260729T191356Z.dump
drwxr-x--- 2 root   fusion   4096 Jul 29 19:13 meta
