
PLAY [Provision Appsolino Fusion staging foundation] ***************************

TASK [Gathering Facts] *********************************************************
ok: [host-d]

TASK [base : Set timezone via timedatectl] *************************************
ok: [host-d]

TASK [base : Install base packages] ********************************************
ok: [host-d]

TASK [base : Ensure chrony enabled] ********************************************
ok: [host-d]

TASK [base : Configure UFW defaults] *******************************************
ok: [host-d] => (item={'direction': 'incoming', 'policy': 'deny'})
ok: [host-d] => (item={'direction': 'outgoing', 'policy': 'allow'})

TASK [base : Allow SSH] ********************************************************
ok: [host-d]

TASK [base : Enable UFW] *******************************************************
ok: [host-d]

TASK [base : Set AppArmor unprivileged userns compatibility for bubblewrap] ****
ok: [host-d]

TASK [base : Ensure swapfile exists] *******************************************
ok: [host-d]

TASK [base : Assert swap present (do not recreate on Host D)] ******************
ok: [host-d] => changed=false 
  msg: All assertions passed

TASK [base : Install logrotate fragment for staging logs] **********************
ok: [host-d]

TASK [fusion_user : Ensure fusion group] ***************************************
ok: [host-d]

TASK [fusion_user : Ensure fusion user] ****************************************
ok: [host-d]

TASK [fusion_user : Install NOPASSWD sudoers for fusion] ***********************
ok: [host-d]

TASK [fusion_user : Validate passwordless sudo as fusion] **********************
ok: [host-d]

TASK [fusion_user : Assert sudo returns 0] *************************************
ok: [host-d] => changed=false 
  msg: All assertions passed

TASK [filesystem : Ensure build environment paths] *****************************
ok: [host-d] => (item=/srv/appsolino-fusion/build)
ok: [host-d] => (item=/srv/appsolino-fusion/source)
ok: [host-d] => (item=/srv/appsolino-fusion/cache/pnpm)
ok: [host-d] => (item=/srv/appsolino-fusion/cache)
ok: [host-d] => (item=/srv/appsolino-fusion/logs)
ok: [host-d] => (item=/srv/appsolino-fusion/tmp)

TASK [filesystem : Ensure staging runtime paths] *******************************
ok: [host-d] => (item={'path': '/opt/appsolino-fusion/staging/releases', 'owner': 'root', 'group': 'fusion', 'mode': '0755'})
ok: [host-d] => (item={'path': '/opt/appsolino-fusion/staging', 'owner': 'root', 'group': 'fusion', 'mode': '0755'})
ok: [host-d] => (item={'path': '/etc/appsolino-fusion/staging', 'owner': 'root', 'group': 'fusion', 'mode': '0750'})
ok: [host-d] => (item={'path': '/etc/appsolino-fusion/staging/acceptance', 'owner': 'root', 'group': 'fusion', 'mode': '0770'})
ok: [host-d] => (item={'path': '/srv/appsolino-fusion/staging/state', 'owner': 'fusion', 'group': 'fusion', 'mode': '0750'})
ok: [host-d] => (item={'path': '/srv/appsolino-fusion/staging/state/fusion-home', 'owner': 'fusion', 'group': 'fusion', 'mode': '0750'})
ok: [host-d] => (item={'path': '/srv/appsolino-fusion/staging/workspaces', 'owner': 'fusion', 'group': 'fusion', 'mode': '0750'})
ok: [host-d] => (item={'path': '/srv/appsolino-fusion/staging/workspaces/project', 'owner': 'fusion', 'group': 'fusion', 'mode': '0750'})
ok: [host-d] => (item={'path': '/srv/appsolino-fusion/staging/worktrees', 'owner': 'fusion', 'group': 'fusion', 'mode': '0750'})
ok: [host-d] => (item={'path': '/srv/appsolino-fusion/staging/logs', 'owner': 'fusion', 'group': 'fusion', 'mode': '0750'})
ok: [host-d] => (item={'path': '/srv/appsolino-fusion/staging/backups', 'owner': 'root', 'group': 'fusion', 'mode': '0750'})
ok: [host-d] => (item={'path': '/srv/appsolino-fusion/staging', 'owner': 'fusion', 'group': 'fusion', 'mode': '0750'})

TASK [filesystem : Ensure runtime dir via tmpfiles] ****************************
ok: [host-d]

TASK [filesystem : Apply tmpfiles] *********************************************
ok: [host-d]

TASK [filesystem : Assert production reserved paths are absent on Host D] ******
ok: [host-d] => (item=/opt/appsolino-fusion/production)
ok: [host-d] => (item=/etc/appsolino-fusion/production)
ok: [host-d] => (item=/srv/appsolino-fusion/production)

TASK [filesystem : Fail if production paths exist] *****************************
ok: [host-d] => (item={'changed': False, 'stat': {'exists': False}, 'invocation': {'module_args': {'path': '/opt/appsolino-fusion/production', 'follow': False, 'get_checksum': True, 'get_mime': True, 'get_attributes': True, 'checksum_algorithm': 'sha1'}}, 'failed': False, 'item': '/opt/appsolino-fusion/production', 'ansible_loop_var': 'item'}) => changed=false 
  ansible_loop_var: item
  item:
    ansible_loop_var: item
    changed: false
    failed: false
    invocation:
      module_args:
        checksum_algorithm: sha1
        follow: false
        get_attributes: true
        get_checksum: true
        get_mime: true
        path: /opt/appsolino-fusion/production
    item: /opt/appsolino-fusion/production
    stat:
      exists: false
  msg: All assertions passed
ok: [host-d] => (item={'changed': False, 'stat': {'exists': False}, 'invocation': {'module_args': {'path': '/etc/appsolino-fusion/production', 'follow': False, 'get_checksum': True, 'get_mime': True, 'get_attributes': True, 'checksum_algorithm': 'sha1'}}, 'failed': False, 'item': '/etc/appsolino-fusion/production', 'ansible_loop_var': 'item'}) => changed=false 
  ansible_loop_var: item
  item:
    ansible_loop_var: item
    changed: false
    failed: false
    invocation:
      module_args:
        checksum_algorithm: sha1
        follow: false
        get_attributes: true
        get_checksum: true
        get_mime: true
        path: /etc/appsolino-fusion/production
    item: /etc/appsolino-fusion/production
    stat:
      exists: false
  msg: All assertions passed
ok: [host-d] => (item={'changed': False, 'stat': {'exists': False}, 'invocation': {'module_args': {'path': '/srv/appsolino-fusion/production', 'follow': False, 'get_checksum': True, 'get_mime': True, 'get_attributes': True, 'checksum_algorithm': 'sha1'}}, 'failed': False, 'item': '/srv/appsolino-fusion/production', 'ansible_loop_var': 'item'}) => changed=false 
  ansible_loop_var: item
  item:
    ansible_loop_var: item
    changed: false
    failed: false
    invocation:
      module_args:
        checksum_algorithm: sha1
        follow: false
        get_attributes: true
        get_checksum: true
        get_mime: true
        path: /srv/appsolino-fusion/production
    item: /srv/appsolino-fusion/production
    stat:
      exists: false
  msg: All assertions passed

TASK [node_toolchain : Check node version] *************************************
ok: [host-d]

TASK [node_toolchain : Assert Node major] **************************************
ok: [host-d] => changed=false 
  msg: All assertions passed

TASK [node_toolchain : Ensure corepack available] ******************************
ok: [host-d]

TASK [node_toolchain : Prepare pinned pnpm] ************************************
ok: [host-d]

TASK [node_toolchain : Check pnpm version] *************************************
ok: [host-d]

TASK [node_toolchain : Assert pnpm version] ************************************
ok: [host-d] => changed=false 
  msg: All assertions passed

TASK [postgres_staging : Reject production database URLs in staging secrets] ***
ok: [host-d]

TASK [postgres_staging : Install PostgreSQL packages] **************************
ok: [host-d]

TASK [postgres_staging : Ensure PostgreSQL started] ****************************
ok: [host-d]

TASK [postgres_staging : Enforce password_encryption scram-sha-256] ************
ok: [host-d]

TASK [postgres_staging : Enforce SCRAM for staging TCP host rules in pg_hba.conf] ***
ok: [host-d]

TASK [postgres_staging : Read listen_addresses] ********************************
ok: [host-d]

TASK [postgres_staging : Assert localhost-only listen] *************************
ok: [host-d] => changed=false 
  msg: All assertions passed

TASK [postgres_staging : Check secrets file] ***********************************
ok: [host-d]

TASK [postgres_staging : Generate password if secrets missing] *****************
skipping: [host-d]

TASK [postgres_staging : Create staging secrets.env (first run only)] **********
skipping: [host-d]

TASK [postgres_staging : Load staging DB password] *****************************
ok: [host-d]

TASK [postgres_staging : Ensure staging role and database via psql] ************
ok: [host-d]

TASK [postgres_staging : Verify SCRAM verifier present without exposing secret] ***
ok: [host-d]

TASK [postgres_staging : Write sanitised PostgreSQL identity] ******************
ok: [host-d]

TASK [postgres_staging : Install identity file under staging state] ************
changed: [host-d]

TASK [postgres_staging : Install SCRAM proof under staging state] **************
changed: [host-d]

TASK [monitoring : Ensure textfile collector directory] ************************
ok: [host-d]

TASK [monitoring : Ensure staging state directory for health JSON] *************
ok: [host-d]

TASK [backup : Ensure backup directories] **************************************
ok: [host-d] => (item=/srv/appsolino-fusion/staging/backups)
ok: [host-d] => (item=/srv/appsolino-fusion/staging/backups/meta)

TASK [backup : Install off-host backup example config (not enabled)] ***********
ok: [host-d]

TASK [backup : Install secrets.env.example under staging etc] ******************
ok: [host-d]

TASK [acceptance : Ensure acceptance directory writable by fusion via group] ***
ok: [host-d]

TASK [fusion_staging : Reject production env markers] **************************
ok: [host-d]

TASK [fusion_staging : Install staging fusion.env] *****************************
ok: [host-d]

TASK [fusion_staging : Install operational scripts from repo] ******************
changed: [host-d]

TASK [fusion_staging : Render fusion-staging.service] **************************
changed: [host-d]

TASK [fusion_staging : Render fusion-staging-health.service] *******************
ok: [host-d]

TASK [fusion_staging : Render fusion-staging-health.timer] *********************
ok: [host-d]

TASK [fusion_staging : Render acceptance probe unit] ***************************
changed: [host-d]

TASK [fusion_staging : Render acceptance-run harness unit] *********************
changed: [host-d]

TASK [fusion_staging : Flush handlers for unit install] ************************

RUNNING HANDLER [fusion_staging : Reload systemd] ******************************
ok: [host-d]

TASK [fusion_staging : Enable acceptance probe unit file] **********************
ok: [host-d]

TASK [fusion_staging : Enable health timer] ************************************
ok: [host-d]

TASK [fusion_staging : Check staging current executable] ***********************
ok: [host-d]

TASK [fusion_staging : Enable fusion-staging when package present] *************
ok: [host-d]

PLAY RECAP *********************************************************************
host-d                     : ok=61   changed=6    unreachable=0    failed=0    skipped=2    rescued=0    ignored=0   

FIRST_EXIT:0
